<html>
<body>
<pre>
<h1>µVision Build Log</h1>
<h2>Project:</h2>
C:\Users\lolkusus\Documents\ppo\aghppo\Kolokwium.uvproj
Project File Date:  04/17/2020

<h2>Output:</h2>
Rebuild target 'Target 1'
assembling Startup.s...
compiling led.cpp...
compiling main.cpp...
linking...
Program Size: Code=1164 RO-data=32 RW-data=4 ZI-data=1260  
FromELF: creating hex file...
".\Kolokwium.axf" - 0 Errors, 0 Warning(s).
Rebuild target 'Target 1'
assembling Startup.s...
compiling led.cpp...
compiling main.cpp...
linking...
Program Size: Code=1164 RO-data=32 RW-data=4 ZI-data=1260  
FromELF: creating hex file...
".\Kolokwium.axf" - 0 Errors, 0 Warning(s).
Rebuild target 'Target 1'
assembling Startup.s...
compiling led.cpp...
compiling main.cpp...
linking...
Program Size: Code=1164 RO-data=32 RW-data=4 ZI-data=1260  
FromELF: creating hex file...
".\Kolokwium.axf" - 0 Errors, 0 Warning(s).
Rebuild target 'Target 1'
assembling Startup.s...
compiling led.cpp...
compiling main.cpp...
linking...
Program Size: Code=1160 RO-data=32 RW-data=4 ZI-data=1260  
FromELF: creating hex file...
".\Kolokwium.axf" - 0 Errors, 0 Warning(s).
Rebuild target 'Target 1'
assembling Startup.s...
compiling led.cpp...
compiling main.cpp...
linking...
Program Size: Code=1164 RO-data=32 RW-data=4 ZI-data=1260  
FromELF: creating hex file...
".\Kolokwium.axf" - 0 Errors, 0 Warning(s).
Rebuild target 'Target 1'
assembling Startup.s...
compiling led.cpp...
led.h(15): warning:  #1-D: last line of file ends without a newline
compiling main.cpp...
led.h(15): warning:  #1-D: last line of file ends without a newline
linking...
Program Size: Code=1188 RO-data=32 RW-data=4 ZI-data=1260  
FromELF: creating hex file...
".\Kolokwium.axf" - 0 Errors, 2 Warning(s).
Rebuild target 'Target 1'
assembling Startup.s...
compiling led.cpp...
compiling main.cpp...
linking...
Program Size: Code=1188 RO-data=32 RW-data=4 ZI-data=1260  
FromELF: creating hex file...
".\Kolokwium.axf" - 0 Errors, 0 Warning(s).
Rebuild target 'Target 1'
assembling Startup.s...
compiling led.cpp...
led.cpp(39): error:  #70: incomplete type is not allowed
led.cpp(40): error:  #20: identifier "LEFT" is undefined
led.cpp(44): error:  #20: identifier "RIGHT" is undefined
led.cpp(53): error:  #20: identifier "LEFT" is undefined
led.cpp(57): error:  #20: identifier "RIGHT" is undefined
compiling main.cpp...
".\Kolokwium.axf" - 5 Errors, 0 Warning(s).
Target not created
Rebuild target 'Target 1'
assembling Startup.s...
compiling led.cpp...
compiling main.cpp...
linking...
Program Size: Code=1188 RO-data=32 RW-data=4 ZI-data=1260  
FromELF: creating hex file...
".\Kolokwium.axf" - 0 Errors, 0 Warning(s).
Rebuild target 'Target 1'
assembling Startup.s...
compiling led.cpp...
led.h(10): error:  #321: data member initializer is not allowed
compiling main.cpp...
led.h(10): error:  #321: data member initializer is not allowed
".\Kolokwium.axf" - 2 Errors, 0 Warning(s).
Target not created
Rebuild target 'Target 1'
assembling Startup.s...
compiling led.cpp...
compiling main.cpp...
linking...
Program Size: Code=1124 RO-data=16 RW-data=0 ZI-data=1256  
FromELF: creating hex file...
".\Kolokwium.axf" - 0 Errors, 0 Warning(s).
Rebuild target 'Target 1'
assembling Startup.s...
compiling led.cpp...
compiling main.cpp...
linking...
Program Size: Code=1124 RO-data=16 RW-data=0 ZI-data=1256  
FromELF: creating hex file...
".\Kolokwium.axf" - 0 Errors, 0 Warning(s).
Rebuild target 'Target 1'
assembling Startup.s...
compiling led.cpp...
compiling main.cpp...
linking...
Program Size: Code=1124 RO-data=16 RW-data=0 ZI-data=1256  
FromELF: creating hex file...
".\Kolokwium.axf" - 0 Errors, 0 Warning(s).
Rebuild target 'Target 1'
assembling Startup.s...
compiling led.cpp...
led.cpp(15): error:  #20: identifier "ucLedIndexStep" is undefined
compiling main.cpp...
".\Kolokwium.axf" - 1 Errors, 0 Warning(s).
Target not created
Rebuild target 'Target 1'
assembling Startup.s...
compiling led.cpp...
compiling main.cpp...
linking...
Program Size: Code=1124 RO-data=16 RW-data=0 ZI-data=1256  
FromELF: creating hex file...
".\Kolokwium.axf" - 0 Errors, 0 Warning(s).
Rebuild target 'Target 1'
assembling Startup.s...
compiling led.cpp...
compiling main.cpp...
linking...
Program Size: Code=1124 RO-data=16 RW-data=0 ZI-data=1256  
FromELF: creating hex file...
".\Kolokwium.axf" - 0 Errors, 0 Warning(s).
Rebuild target 'Target 1'
assembling Startup.s...
compiling led.cpp...
led.cpp(35): warning:  #1-D: last line of file ends without a newline
compiling main.cpp...
compiling stepper.cpp...
linking...
.\Kolokwium.axf: Error: L6218E: Undefined symbol MyLed (referred from stepper.o).
".\Kolokwium.axf" - 1 Errors, 1 Warning(s).
Target not created
Rebuild target 'Target 1'
assembling Startup.s...
compiling led.cpp...
led.cpp(35): warning:  #1-D: last line of file ends without a newline
compiling main.cpp...
compiling stepper.cpp...
linking...
.\Kolokwium.axf: Error: L6218E: Undefined symbol MyLed (referred from stepper.o).
".\Kolokwium.axf" - 1 Errors, 1 Warning(s).
Target not created
Rebuild target 'Target 1'
assembling Startup.s...
compiling led.cpp...
led.cpp(35): warning:  #1-D: last line of file ends without a newline
compiling main.cpp...
compiling stepper.cpp...
linking...
.\Kolokwium.axf: Error: L6218E: Undefined symbol MyLed (referred from stepper.o).
".\Kolokwium.axf" - 1 Errors, 1 Warning(s).
Target not created
Rebuild target 'Target 1'
assembling Startup.s...
compiling led.cpp...
led.cpp(35): warning:  #1-D: last line of file ends without a newline
compiling main.cpp...
compiling stepper.cpp...
linking...
.\Kolokwium.axf: Error: L6218E: Undefined symbol MyLeda (referred from stepper.o).
".\Kolokwium.axf" - 1 Errors, 1 Warning(s).
Target not created
Rebuild target 'Target 1'
assembling Startup.s...
compiling led.cpp...
compiling main.cpp...
compiling stepper.cpp...
linking...
.\Kolokwium.axf: Error: L6218E: Undefined symbol MyLed (referred from stepper.o).
".\Kolokwium.axf" - 1 Errors, 0 Warning(s).
Target not created
Rebuild target 'Target 1'
assembling Startup.s...
compiling led.cpp...
compiling main.cpp...
compiling stepper.cpp...
stepper.h(4): error:  #20: identifier "Led" is undefined
".\Kolokwium.axf" - 1 Errors, 0 Warning(s).
Target not created
Rebuild target 'Target 1'
assembling Startup.s...
compiling led.cpp...
compiling main.cpp...
compiling stepper.cpp...
linking...
.\Kolokwium.axf: Error: L6218E: Undefined symbol MyLed (referred from stepper.o).
".\Kolokwium.axf" - 1 Errors, 0 Warning(s).
Target not created
compiling stepper.cpp...
"stepper.cpp" - 0 Errors, 0 Warning(s).
Rebuild target 'Target 1'
assembling Startup.s...
compiling led.cpp...
compiling main.cpp...
compiling stepper.cpp...
linking...
.\Kolokwium.axf: Error: L6218E: Undefined symbol MyLed (referred from stepper.o).
".\Kolokwium.axf" - 1 Errors, 0 Warning(s).
Target not created
Rebuild target 'Target 1'
assembling Startup.s...
compiling led.cpp...
compiling main.cpp...
compiling stepper.cpp...
linking...
Program Size: Code=1164 RO-data=32 RW-data=4 ZI-data=1260  
FromELF: creating hex file...
".\Kolokwium.axf" - 0 Errors, 0 Warning(s).
Rebuild target 'Target 1'
assembling Startup.s...
compiling led.cpp...
compiling main.cpp...
compiling stepper.cpp...
linking...
Program Size: Code=1164 RO-data=32 RW-data=4 ZI-data=1260  
FromELF: creating hex file...
".\Kolokwium.axf" - 0 Errors, 0 Warning(s).
Rebuild target 'Target 1'
assembling Startup.s...
compiling led.cpp...
compiling main.cpp...
compiling stepper.cpp...
linking...
Program Size: Code=1224 RO-data=36 RW-data=4 ZI-data=1260  
FromELF: creating hex file...
".\Kolokwium.axf" - 0 Errors, 0 Warning(s).
Rebuild target 'Target 1'
assembling Startup.s...
compiling led.cpp...
compiling main.cpp...
compiling stepper.cpp...
linking...
Program Size: Code=1224 RO-data=36 RW-data=4 ZI-data=1260  
FromELF: creating hex file...
".\Kolokwium.axf" - 0 Errors, 0 Warning(s).
Rebuild target 'Target 1'
assembling Startup.s...
compiling led.cpp...
compiling main.cpp...
compiling stepper.cpp...
stepper.cpp(18): error:  #265-D: function "Led::On" (declared at line 8 of "led.h") is inaccessible
".\Kolokwium.axf" - 1 Errors, 0 Warning(s).
Target not created
Rebuild target 'Target 1'
assembling Startup.s...
compiling led.cpp...
compiling main.cpp...
compiling stepper.cpp...
stepper.cpp(18): error:  #410-D: protected function "Led::On" (declared at line 8 of "led.h") is not accessible through a "Led" pointer or object
".\Kolokwium.axf" - 1 Errors, 0 Warning(s).
Target not created
Rebuild target 'Target 1'
assembling Startup.s...
compiling led.cpp...
compiling main.cpp...
compiling stepper.cpp...
stepper.cpp(18): error:  #410-D: protected function "Led::On" (declared at line 8 of "led.h") is not accessible through a "Led" pointer or object
".\Kolokwium.axf" - 1 Errors, 0 Warning(s).
Target not created
Rebuild target 'Target 1'
assembling Startup.s...
compiling led.cpp...
compiling main.cpp...
compiling stepper.cpp...
linking...
Program Size: Code=1224 RO-data=36 RW-data=4 ZI-data=1260  
FromELF: creating hex file...
".\Kolokwium.axf" - 0 Errors, 0 Warning(s).
Rebuild target 'Target 1'
assembling Startup.s...
compiling led.cpp...
compiling main.cpp...
compiling stepper.cpp...
linking...
Program Size: Code=1224 RO-data=36 RW-data=4 ZI-data=1260  
FromELF: creating hex file...
".\Kolokwium.axf" - 0 Errors, 0 Warning(s).
Rebuild target 'Target 1'
assembling Startup.s...
compiling led.cpp...
compiling main.cpp...
compiling stepper.cpp...
linking...
Program Size: Code=1224 RO-data=36 RW-data=4 ZI-data=1260  
FromELF: creating hex file...
".\Kolokwium.axf" - 0 Errors, 0 Warning(s).
Rebuild target 'Target 1'
assembling Startup.s...
compiling led.cpp...
compiling main.cpp...
compiling stepper.cpp...
linking...
Program Size: Code=1256 RO-data=36 RW-data=4 ZI-data=1260  
FromELF: creating hex file...
".\Kolokwium.axf" - 0 Errors, 0 Warning(s).
Rebuild target 'Target 1'
assembling Startup.s...
compiling led.cpp...
compiling main.cpp...
compiling stepper.cpp...
linking...
Program Size: Code=1256 RO-data=36 RW-data=4 ZI-data=1260  
FromELF: creating hex file...
".\Kolokwium.axf" - 0 Errors, 0 Warning(s).
Rebuild target 'Target 1'
assembling Startup.s...
compiling led.cpp...
compiling main.cpp...
compiling stepper.cpp...
linking...
Program Size: Code=1268 RO-data=36 RW-data=4 ZI-data=1260  
FromELF: creating hex file...
".\Kolokwium.axf" - 0 Errors, 0 Warning(s).
Rebuild target 'Target 1'
assembling Startup.s...
compiling led.cpp...
compiling main.cpp...
main.cpp(3): error:  #291: no default constructor exists for class "Stepper"
compiling stepper.cpp...
".\Kolokwium.axf" - 1 Errors, 0 Warning(s).
Target not created
Rebuild target 'Target 1'
assembling Startup.s...
compiling led.cpp...
compiling main.cpp...
compiling stepper.cpp...
linking...
Program Size: Code=1272 RO-data=36 RW-data=4 ZI-data=1260  
FromELF: creating hex file...
".\Kolokwium.axf" - 0 Errors, 0 Warning(s).
Rebuild target 'Target 1'
assembling Startup.s...
compiling led.cpp...
compiling main.cpp...
compiling stepper.cpp...
linking...
Program Size: Code=1272 RO-data=36 RW-data=4 ZI-data=1260  
FromELF: creating hex file...
".\Kolokwium.axf" - 0 Errors, 0 Warning(s).
Rebuild target 'Target 1'
assembling Startup.s...
compiling led.cpp...
compiling main.cpp...
compiling stepper.cpp...
linking...
Program Size: Code=1272 RO-data=36 RW-data=4 ZI-data=1260  
FromELF: creating hex file...
".\Kolokwium.axf" - 0 Errors, 0 Warning(s).
Rebuild target 'Target 1'
assembling Startup.s...
compiling led.cpp...
compiling main.cpp...
compiling stepper.cpp...
linking...
Program Size: Code=1272 RO-data=36 RW-data=4 ZI-data=1260  
FromELF: creating hex file...
".\Kolokwium.axf" - 0 Errors, 0 Warning(s).
Rebuild target 'Target 1'
assembling Startup.s...
compiling led.cpp...
compiling main.cpp...
compiling stepper.cpp...
linking...
Program Size: Code=1272 RO-data=36 RW-data=4 ZI-data=1260  
FromELF: creating hex file...
".\Kolokwium.axf" - 0 Errors, 0 Warning(s).
Rebuild target 'Target 1'
assembling Startup.s...
compiling led.cpp...
compiling main.cpp...
compiling stepper.cpp...
linking...
Program Size: Code=1272 RO-data=36 RW-data=4 ZI-data=1260  
FromELF: creating hex file...
".\Kolokwium.axf" - 0 Errors, 0 Warning(s).
Rebuild target 'Target 1'
assembling Startup.s...
compiling led.cpp...
compiling main.cpp...
compiling stepper.cpp...
linking...
Program Size: Code=1272 RO-data=36 RW-data=4 ZI-data=1260  
FromELF: creating hex file...
".\Kolokwium.axf" - 0 Errors, 0 Warning(s).
Rebuild target 'Target 1'
assembling Startup.s...
compiling led.cpp...
compiling main.cpp...
compiling stepper.cpp...
linking...
Program Size: Code=1284 RO-data=36 RW-data=4 ZI-data=1260  
FromELF: creating hex file...
".\Kolokwium.axf" - 0 Errors, 0 Warning(s).
