<html>
<body>
<pre>
<h1>µVision Build Log</h1>
<h2>Project:</h2>
C:\Users\lolkusus\Documents\ppo\aghppo\Kolokwium.uvproj
Project File Date:  04/17/2020

<h2>Output:</h2>
Rebuild target 'Target 1'
assembling Startup.s...
compiling led.cpp...
compiling main.cpp...
compiling stepper.cpp...
compiling keyboard.cpp...
compiling LedInv.cpp...
linking...
Program Size: Code=1500 RO-data=36 RW-data=12 ZI-data=1260  
FromELF: creating hex file...
".\Kolokwium.axf" - 0 Errors, 0 Warning(s).
Rebuild target 'Target 1'
assembling Startup.s...
compiling led.cpp...
compiling main.cpp...
compiling stepper.cpp...
compiling keyboard.cpp...
compiling LedInv.cpp...
linking...
Program Size: Code=1512 RO-data=48 RW-data=16 ZI-data=1256  
FromELF: creating hex file...
".\Kolokwium.axf" - 0 Errors, 0 Warning(s).
Rebuild target 'Target 1'
assembling Startup.s...
compiling led.cpp...
compiling main.cpp...
ledinv.h(7): warning:  #1300-D: On inherits implicit virtual
compiling stepper.cpp...
ledinv.h(7): warning:  #1300-D: On inherits implicit virtual
compiling keyboard.cpp...
compiling LedInv.cpp...
ledinv.h(7): warning:  #1300-D: On inherits implicit virtual
linking...
Program Size: Code=1684 RO-data=60 RW-data=20 ZI-data=1260  
FromELF: creating hex file...
".\Kolokwium.axf" - 0 Errors, 3 Warning(s).
Rebuild target 'Target 1'
assembling Startup.s...
compiling led.cpp...
compiling main.cpp...
compiling stepper.cpp...
compiling keyboard.cpp...
compiling LedInv.cpp...
linking...
Program Size: Code=1684 RO-data=60 RW-data=20 ZI-data=1260  
FromELF: creating hex file...
".\Kolokwium.axf" - 0 Errors, 0 Warning(s).
